apiVersion: apps/v1
kind: Deployment
metadata:
  name: my-app
spec:
  replicas: 3
  selector:
    matchLabels:
      app: my-app
  template:
    metadata:
      labels:
        app: my-app
    spec:
      containers:
        - name: my-app
          image: nginx:1.14.2
          ports:
            - containerPort: 80
          env:
            - name: MY_ENV_VAR1
              value: "testvalue1"
            - name: MY_ENV_VAR2
              value: "my value"
            - name: MY_ENV_VAR3
              value: "testvalue3"
          volumeMounts:
            - name: my-app-storage
              mountPath: /data/my-app
      volumes:
        - name: my-app-storage
          persistentVolumeClaim:
            claimName: my-app-pvc
---
apiVersion: apps/v1
kind: Deployment
metadata:
  name: my-second-app
spec:
  replicas: 3
  selector:
    matchLabels:
      app: my-app
  template:
    metadata:
      labels:
        app: my-app
    spec:
      containers:
        - name: my-app
          image: nginx:1.14.2
          ports:
            - containerPort: 80
          env:
            - name: MY_ENV_VAR1
              value: "my value"
            - name: MY_ENV_VAR2
              value: "testvalue2"
            - name: MY_ENV_VAR3
              value: "my value"
          volumeMounts:
            - name: my-app-storage
              mountPath: /data/my-app
      volumes:
        - name: my-app-storage
          persistentVolumeClaim:
            claimName: my-app-pvc
---
apiVersion: v1
kind: Service
metadata:
  name: my-app-service
spec:
  selector:
    app: my-app
  ports:
    - name: http
      protocol: TCP
      port: 8080
      targetPort: 8080
  type: ClusterIP